HAS_ISSUE5: true
HAS_DATE: true
---first 600 chars---
硅与海
具身智能 × 智能硬件出海 · 每日精选
首页
往期日报
关于我们
今日日报 · 第 5 期
2026-09-24
每天 06:30 自动生成
出处分级
全部
A 官方
B 媒体
C 未证实
显示 11 / 11 条
头条（1–2 条）
B马斯克央视专访抛"千亿台"预期，A 股机器人板块应声大涨

摘要：马斯克 09-23 接受央视财经专访，预测人形机器人 10 年内至少 10 亿台、20 年或达 1000 亿台；09-24 襄阳轴承、中马传动涨停，三花智控、拓普集团等跟涨。专访同时提及特斯拉机器人供应链订单已下达。
点评：预期推高市场情绪，但真正该盯的是产业链订单与审厂进度这类实信号，出货兑现节奏决定行情能不能落地。
出处：A（当事方公开发言）｜原文：https://k.sina.com.cn/article_1651428902_626ece2602001k5ew.html （央视财经 09-23 专访；新浪财经 09-24 10:49 报道板块行情）

B高通收购 PickNik，机器人开源框架 MoveIt 保持开源

摘要：高通 09-23 宣布收购机器人软件公司 PickNik，其维护的开源操作框架 MoveIt 将保持开源，后续与高通 Dragonwing 机器人平台及开发板整合，打通从 AI 模型到实时控制的开发链路。
点评：芯片巨头卡位机器人软件栈，开发板
